FM_TEST_BEGIN 2026-09-02T12:45:30Z tests/fm-pr-merge.test.sh family=pr-forge expected_gate_skip=none
ok - fm-pr-merge reports exact queue retry flags after a zero-exit false success
ok - fm-pr-merge omits merge-queue retry guidance for a closed GitHub PR
ok - fm-pr-merge aggregates agreeing merge-queue rules
ok - fm-pr-merge reports ambiguity for conflicting merge-queue rules
ok - fm-pr-merge records pr= and pr_head= for a verified GitHub merge
ok - fm-pr-merge records pr= before the forge call can land the merge
ok - fm-pr-merge propagates a real merge failure without silently succeeding
ok - fm-pr-merge refuses a GitHub merge call that leaves the PR open and unqueued
ok - fm-pr-merge keeps PR bookkeeping when it cannot read a successful merge call's outcome
ok - fm-pr-merge refuses with the forge's own output quoted apart from its verdict
ok - fm-pr-merge quotes the forge output when it cannot read the outcome either
ok - fm-pr-merge does not echo back queue flags the caller already used
ok - fm-pr-merge still names retry flags when the caller used a different method
ok - fm-pr-merge names the queue requirement even when its method is unrecognised
ok - fm-pr-merge distinguishes unreadable branch rules from a base with no merge queue
ok - fm-pr-merge says nothing about a merge queue when the base branch has no queue rule
ok - fm-pr-merge requires gh before the GitHub outcome fallback
ok - fm-pr-merge explains an armed auto-merge that landed nothing on a queue-less base
ok - fm-pr-merge never reports auto-merge as armed when the merge command failed
ok - fm-pr-merge claims no acceptance for a failed merge command carrying queue flags
ok - fm-pr-merge falls back to the gh-axi view when gh's read fails
ok - fm-pr-merge names a landed state hiding behind a failed GitHub merge command
ok - fm-pr-merge refuses a GitHub merge without its exact green-check proof
ok - fm-pr-merge refuses before bookkeeping when gh is absent
ok - fm-pr-merge verifies a genuinely merged GitHub pull request
ok - fm-pr-merge refuses to claim a merge when poll recording fails
ok - fm-pr-merge accepts and accurately reports a GitHub merge-queue entry
ok - fm-pr-merge explains how to retry with the required GitHub merge queue method
ok - fm-pr-merge forwards extra flags to gh-axi pr merge after the -- separator
ok - fm-pr-merge refuses before merging when task meta is missing
ok - fm-pr-merge refuses malformed PR URLs before calling gh-axi
ok - fm-pr-merge refuses unsafe PR URL segments before recording state
ok - fm-pr-merge refuses repo override args before recording state
ok - fm-pr-merge refuses a bundled short-option repo override and forwards other short flags
ok - fm-pr-merge does not add default --squash when the caller passes an explicit merge method
ok - fm-pr-merge respects --method=<value> as an explicit merge method
ok - fm-pr-merge parses a GitHub PR URL into gh-axi number and --repo arguments
ok - fm-pr-merge leaves GitHub extra-arg handling unchanged, including --sha
ok - fm-pr-merge merges a GitLab merge request through glab instead of refusing it
ok - fm-pr-merge takes the GitLab instance from the URL rather than assuming one
ok - fm-pr-merge imposes no merge method on GitLab, leaving the project's own one
ok - fm-pr-merge forwards extra flags to glab mr merge after the -- separator
ok - fm-pr-merge propagates a real glab merge failure without silently succeeding
ok - fm-pr-merge refuses on each GitLab pre-merge condition independently
ok - fm-pr-merge reports every failing GitLab condition, not only the first
ok - fm-pr-merge reports a stale recorded head and verifies the live one
ok - fm-pr-merge refuses an unreadable GitLab merge request state rather than merging blind
ok - fm-pr-merge refuses a GitLab head commit it cannot validate
ok - fm-pr-merge refuses before recording anything when glab or jq is absent
ok - fm-pr-merge refuses a GitLab head override before recording state
ok - a merge a secondmate home performs itself is reported upward exactly once
ok - a locally routed secondmate home reports the landed PR into its parent's own channel
ok - a landed GitLab merge request is reported upward on the same channel
ok - a queued GitLab merge stays silent and leaves confirmation to the armed poll
ok - a refused or failed merge reports no outcome
ok - firstmate authority accepts the parent resolution only for a green PR
ok - firstmate authority approval is bound to the child's spawn generation
ok - captain and self authority refuse red GitHub PRs before the forge
ok - GitHub green checks accept owned help trailers but reject no-CI output
ok - GitHub green checks require strict counts and green individual rows
ok - fm-pr-merge refuses a GitHub head change after green checks
ok - GitHub green proof is queried against the exact checked head
ok - a GitLab merge refused before the forge call reports no outcome
ok - a merge a main home performs itself leaves one durable wake naming the PR
ok - a queued GitHub merge stays silent and leaves confirmation to the armed poll
ok - distinct merged PRs for one task retain distinct captain-facing wakes
ok - an uncommitted marker retry preserves at least one durable outcome
ok - a secondmate home that cannot report upward says so instead of merging in silence
ok - an unregistered local parent binding cannot redirect merge outcomes outside the case home
ok - merge outcome preserves malformed local registry diagnostics
FM_TEST_END 2026-09-02T12:49:08Z tests/fm-pr-merge.test.sh exit=0 duration_ms=218078 gate_skip=false
FM_TEST_SUMMARY total=1 failed=0 skipped_gate=0 duration_ms=218163
FM_TEST_SUMMARY_FAMILY family=pr-forge count=1 duration_ms=218078 failed=0
FM_TEST_SLOWEST rank=1 script=tests/fm-pr-merge.test.sh duration_ms=218078
