FM_TEST_BEGIN 2026-09-02T12:55:27Z tests/fm-secondmate-safety.test.sh family=secondmate expected_gate_skip=none
ok - FM_HOME parameterizes data and state paths
ok - fm-lock status is scoped per home
ok - seed allows overlapping project clone lists and drops the owns/owner routing
ok - home-seed validation rejects registry records no operational parser can consume
ok - home seeding refuses broken registry symlinks before provisioning
ok - home seeding refuses unreadable registries before provisioning
ok - home seed validation rejects duplicate home routes
ok - home seed validation rejects duplicate id routes
ok - home seed validation rejects nested home routes
leased worktree for dash
ok - home seeding durably leases treehouse-acquired dash homes under the secondmate id
ok - home seeding returns rejected acquired homes through treehouse
ok - home seed rollback warns when treehouse-acquired return fails
ok - home seeding leaves unsafe acquired active homes untouched
ok - home seeding rolls back failed clone attempts without residue
ok - home seeding refuses direct seed without filled charter text
ok - home seeding refuses unfilled placeholder charters
ok - home seeding refuses empty normalized charter fields
ok - home seeding scaffolds, registers, and spawns a project-less home end to end
ok - secondmate spawn resolves home validation and projects from punctuated registry fields
ok - secondmate spawn refuses ambiguous, supplied-home, and metadata-home registry bindings
warn: no registry at /var/folders/3n/3wfcplrn3clf44hjjkfgq8t00000gn/T//fm-secondmate-safety.ByOlGV/no-projects-reused-charter-home/data/projects.md; defaulting alpha to no-mistakes off
ok - home seeding validates reused project-less charters before mutation
ok - home seeding refuses project-less conversion of a populated home
ok - home seeding refuses project-less homes whose projects directory cannot be inspected
ok - home seeding refuses project-less homes with symlinked projects directories
ok - home seeding refuses project-less homes with non-directory projects paths
ok - home seeding refuses project-less homes whose project registry cannot be inspected
ok - home seeding fails loudly on accidental project omission and rejects mixed --no-projects
ok - home seeding refuses local-only projects
ok - home seeding refuses registry delimiter home paths
ok - home seeding refuses active home and repo root
ok - home seeding refuses homes marked for another id
ok - home seeding refuses homes registered to another id
ok - home seeding refuses same-id reassignment to a different home
ok - home seeding refuses registered home overlaps
ok - remote-backed subhome seeding requires a source origin
ok - remote-backed subhome seeding validates existing destination origins
ok - home seeding resolves relative source origins against the source project
ok - home seeding skips initialized existing no-mistakes clones
ok - home seeding refuses uninitialized existing no-mistakes clones
ok - home seeding refuses project destinations outside the subhome
ok - home seeding refuses operational directories outside the subhome
ok - home seeding refuses symlinked and non-regular leaf files
ok - home reseeding preserves and enforces the durable parent binding
ok - secondmate spawn validates homes before launch
ok - secondmate spawn refuses operational directories outside the subhome
ok - fm-send refuses a bare firstmate window with no metadata in this home
ok - secondmate teardown retires empty homes and releases routing
ok - secondmate teardown refuses ambiguous and identity-mismatched registry bindings
ok - normal secondmate teardown sweeps process events before removal
ok - secondmate teardown preserves state when process-event sweeping is unavailable
ok - later teardown refusals preserve active process-event sources
ok - force teardown sweeps nested secondmate homes before deletion
ok - force teardown preserves nested process-event restoration status and recovery state
not ok - teardown left the firstmate-owned parent binding in the returned pool slot
FM_TEST_END 2026-09-02T12:56:55Z tests/fm-secondmate-safety.test.sh exit=1 duration_ms=88221 gate_skip=false
FM_TEST_SUMMARY total=1 failed=1 skipped_gate=0 duration_ms=88405
FM_TEST_SUMMARY_FAMILY family=secondmate count=1 duration_ms=88221 failed=1
FM_TEST_SLOWEST rank=1 script=tests/fm-secondmate-safety.test.sh duration_ms=88221
