ok - clear-stale: clears live artifacts and preserves pre-journal quarantine inputs
ok - clear-stale: leaves the durable wake-queue intact (no pending work dropped)
ok - clear-stale: reports a failure from any artifact removal
ok - launcher paths: relative home and state ignore CDPATH before daemon command construction
ok - launcher paths: absolute symlink spellings are preserved
ok - launcher paths: unresolved relative FM_HOME fails loudly
ok - launcher paths: unresolved relative FM_STATE_OVERRIDE fails loudly
fm-afk-launch: failed to create detached tmux daemon session 'fm-afk-daemon-1556537351-38483-27989-1788339005'
ok - launcher detector: a failed harness probe leaves daemon self-resolution enabled
ok - launcher command: configured Pi agent and session roots reach the daemon pane
ok - refresh: daemon already alive - stale artifacts preserved (current session's buffer kept)
ok - stop-ordering: daemon SIGTERM'd while .afk still present (flush is not a no-op)
ok - stop-ordering: .afk cleared last
ok - stop-ordering: daemon-terminal record removed
ok - stop identity: stale lock cannot signal an unrelated live process
ok - failed start: away flag and delivery artifacts roll back
ok - concurrent start: one serialized daemon terminal remains tracked
ok - launcher lock: incomplete publication receives initialization grace
ok - launcher signal: TERM exits and releases the lifecycle lock
fm-afk-launch: daemon launched in non-visible herdr workspace ws-partial (pane lab:pane-exact), supervising lab:captain
ok - herdr create: malformed response recovers durable exact ownership
fm-afk-launch: herdr create failed after returning exact ids; closing lab:pane-exact
fm-afk-launch: recorded terminal teardown is unconfirmed; preserving exact id
ok - herdr create error: unconfirmed exact id is persisted for reconciliation
fm-afk-launch: failed to run daemon in herdr pane lab:pane-exact; closing it
fm-afk-launch: recorded terminal teardown is unconfirmed; preserving exact id
ok - herdr run failure: unconfirmed exact id remains reconcilable
fm-afk-launch: failed to persist daemon terminal record; closing tmux:exact-session
ok - record failure: newly created terminal is closed by exact id
fm-afk-launch: daemon did not become ready; closing tmux:exact-session
ok - readiness failure: exact terminal and durable record roll back
fm-afk-launch: daemon did not become ready; closing tmux:exact-session
fm-afk-launch: recorded terminal teardown is unconfirmed; preserving exact id
ok - readiness failure: unconfirmed terminal retains its reconciliation id
ok - tmux absence: clean missing differs from transport probe failure
ok - native lifecycle: launcher owns state and preserves pre-journal inputs
ok - native lifecycle: uniform stop clears state without closing a terminal
ok - restart recovery: an existing away flag preserves pre-journal state
ok - native entry: launcher-prepared lifecycle state is not rewritten
fm-afk-launch: reconciling leaked daemon terminal tmux:exact-session
fm-afk-launch: recorded terminal teardown is unconfirmed; preserving exact id
ok - teardown failure: exact terminal record is preserved
ok - record publication: failed atomic rename preserves the complete prior record
fm-afk-launch: daemon terminal record is malformed; refusing to act on it
ok - record read: malformed record fails closed without acting on a partial id
fm-afk-launch: daemon terminal record is malformed; refusing to act on it
fm-afk-launch: malformed daemon terminal record; refusing to stop away mode
ok - stop: malformed terminal record preserves away state and fails closed
fm-afk-launch: failed to create detached tmux daemon session 'fm-afk-daemon-1879991520-67584-26387-1788339040'
ok - tmux launch: planned exact target is recorded before creation and removed on failure
fm-afk-launch: failed to create detached tmux daemon session 'fm-afk-daemon-2766852666-68056-28282-1788339041'
ok - tmux launch: unique names eliminate collision teardown
ok - stop validation: malformed record causes no daemon or state side effects
ok - launcher lock: incomplete metadata fails acquisition and releases lock
fm-afk-launch: failed to clear away-mode flag
fm-afk-launch: away mode stopped; terminal teardown remains recorded for retry
ok - stop state: away-flag removal failure is surfaced
fm-afk-launch: away-mode daemon did not exit after SIGTERM; preserving lifecycle state
ok - stop liveness: captured live daemon preserves lifecycle state after lock release
fm-afk-launch: daemon terminal record is malformed; refusing to act on it
fm-afk-launch: daemon terminal record is malformed; refusing to act on it
ok - refresh record: malformed terminal identity fails closed
fm-afk-launch: failed to clear stale away-mode artifacts
ok - clear failure: native entry aborts and restores prior state
fm-afk-launch: reconciling leaked daemon terminal tmux:exact-session
fm-afk-launch: terminal close command failed, but exact absence was confirmed
ok - confirmed absence: cleanup succeeds and removes the stale record
fm-afk-launch: rollback restoration incomplete; backup retained at /var/folders/3n/3wfcplrn3clf44hjjkfgq8t00000gn/T//fm-afk-restore-fail.93P2fo/state/.afk-launch-backup.HqXmWl
ok - rollback restore: incomplete restoration retains its recovery backup
ok - flag failure: lifecycle aborts without active state
ok - herdr e2e: captain tab pane count unchanged after start (no split)
ok - herdr e2e: daemon launched in a separate non-visible workspace
ok - herdr e2e: daemon pane is NOT in the captain's tab
ok - herdr e2e: daemon terminal scoped to the lab session
ok - herdr e2e: captain tab pane count restored after stop
ok - herdr e2e: daemon workspace removed by exact id on stop
ok - herdr e2e: record + .afk cleared on stop
ok - tmux e2e: captain window pane count unchanged after start (no split-window)
ok - tmux e2e: daemon launched in a separate detached session
ok - tmux e2e: captain window pane count unchanged after stop
ok - tmux e2e: daemon session killed by exact id on stop
ok - tmux e2e: record + .afk cleared on stop
