ok - fm_branch_outcomes hides through ToolExecutionComponent while Calm-off and HTML export stay stock
ok - the installed Pi still bounds the picker's list and ranks its search
ok - branch owns accepted wakes with a stable prefix contract and verdict-driven merge delivery
ok - captain and firstmate-action outcomes reach main with distinct typed instructions while routine outcomes stay store-only
ok - requested and unsolicited healthy outcomes keep distinct delivery and event ownership
ok - firstmate-action crash-before-ack replays one operational action envelope
ok - firstmate-action duplicate wake reports reuse one durable handoff
ok - firstmate-action delivery waits for wake acknowledgement and branch lease release
ok - firstmate-action replay uses wake sequence as its durable idempotency key
ok - the outcome format boundary keeps main-bound rows deliverable
ok - Pi branch coalesces routine floods, bypasses urgent delay, and rechecks post-snapshot stale rows
ok - a broken operational encoder still delivers one invisible instructed captain outcome as a follow-up
ok - scopeForUnreadWake excludes every main-only class without vetoing eligible task-local rows, and writes the eligible snapshot
ok - branch prompt_cache_key is stable per home across sessions and distinct between homes
ok - branch default-on eligibility (task-scoped, heartbeat, afk) binds and a broken branch falls back to main
ok - a heartbeat review survives a check row arriving before its drain
ok - pre-drain eligibility re-check excludes a newly main-owned row without deferring eligible work
ok - a settled branch turn releases an unacknowledged grant for main replay
ok - a stale main claim cannot silently suppress later wake delivery
ok - pre-drain eligibility re-check no-ops an already-drained wake
ok - dialog mirror filters tool and operational traffic, lands before wakes, and keeps a durable cursor
ok - branch session persists across process restarts through the recorded pointer
ok - the current pin state binds every branch create and reopen, and clearing it returns the branch to main's model
ok - unpinned branches follow main model changes live while pinned branches stay fixed
ok - supervision-model command persists the captain's pick and rebinds the live branch
ok - supervision-model opens a bounded searchable list, follow main first, and pins the branch alone
ok - branch model picker keeps follow main first and filters the eligible catalog
ok - the effort pin binds every branch create and reopen, and clearing it returns the branch to main's effort
ok - unpinned branches follow main effort changes live while pinned branches stay fixed
ok - supervision-model runs an effort picker after the model picker and persists both independently
ok - an unusable model pin falls back to main and an unparseable one is treated as no pin
ok - replacement activation cleans old branch leases and retries failed cleanup
ok - branch activates on a cold start once the lock is acquired, never before
ok - queued wakes and mirrors stop mutating branch state after lock ownership is lost
ok - stale reports, shells, mirrors, cursors, leases, and prompts perform no side effects
ok - a Pi session that does not own the lock accepts nothing and mutates no branch state
ok - an extension rebind re-mirrors undelivered dialog instead of dropping it
