ok - stale_is_terminal: terminal status surfaces, non-terminal and no-status are benign
ok - scan_captain_relevant_statuses lists only captain-relevant statuses
ok - fm_wake_signal_seen_offset trusts only a complete size:mtime marker, else 0
ok - fm_wake_signal_seen_path keeps the shared dots-to-underscores marker path (no dotted-id migration)
ok - classifier primitives: keyed decisions and activity phases, captain relevance, window-to-task, and overrides
ok - crew_is_provably_working: only working+run-step/pane is provable; idle/finished/parked/failed/unknown surface
ok - status_is_paused: only the leading paused verb matches, paused is not captain-relevant, and the two declared-wait verbs stay separable
ok - crew_absorb_class: working/paused/none from one read; crew_is_paused and crew_is_provably_working agree
ok - crew_worktree_written_since: real writes are evidence; no worktree, no anchor, quiet trees, .git churn and a mate's own home are not
ok - an empty FM_WORKTREE_WRITE_PRUNE widens the probe to the whole depth-bounded tree instead of disabling it
ok - an empty FM_WORKTREE_WRITE_PRUNE exported into the environment prunes nothing, widening the probe
ok - the worktree write probe is wall-clock bounded, and hitting the bound reads as no write evidence
ok - an attended nonterminal signal is absorbed with no queue record
ok - a bare turn-end whose crew is provably working (busy pane) is absorbed
ok - a bare turn-ended marker does not wake attended supervision
ok - working, paused, note, and non-open resolved lines are absorbed without working evidence
ok - routine secondmate progress is absorbed in attended supervision
ok - Pi surfaces appended secondmate child terminals through valid parent projections while child working and non-Pi primaries stay quiet
ok - Pi watcher validates and logs an unseeded secondmate home once without scanning it
ok - keyed resolved wakes only when it closes a currently open key
ok - a keyed resolution still wakes after an interleaved drain advances its cursor
ok - absorbed nonterminal status remains available to the next drain
ok - a mixed grace-window batch queues only the actionable status file and leaves the routine one for UNREAD STATUS
ok - a malformed seen marker rescans from byte 0 so an early captain-relevant line is never skipped
ok - a self-announced close never wakes its own home, and the next real note still does
ok - captain-relevant signal is surfaced (queue + exit) and marked surfaced
ok - a stale pane sitting on a terminal status is surfaced (queue + exit)
ok - a stale terminal-looking status is overridden and absorbed while a run is actively working, then wedge-escalated
ok - provably-working non-terminal stale is absorbed on first sight, then wedge-escalated past the threshold
ok - consecutive wedge escalations on the same pane accumulate and demand deep inspection at the threshold
ok - a pane becoming active again resets the consecutive wedge-escalation counter
ok - a busy worker below the turn-age bound remains working with no escalation
ok - a busy worker with a stable pane hash still escalates once its completed-turn age reaches the bound
ok - a busy worker whose pane hash changes every poll still escalates once its completed-turn age reaches the bound
ok - touching a busy worker's completed-turn marker resets the age and prevents an old-age escalation
ok - repeated busy turn-age escalations reuse the existing escalation counter and demand deep inspection at the threshold
ok - the production default busy-turn-age bound is 3600s (5min under does not wedge, 66min over does)
ok - a busy pane under a declared pause is rechecked on the long cadence, and lifting the pause restores the wedge escalation
ok - away mode hands a busy declared pause to the daemon as a plain stale, and lifting the declaration restores the wedge escalation
ok - away mode wakes the daemon once per declaration for a busy pane whose footer ticks on every capture
ok - a not-provably-working non-terminal stale is surfaced immediately (never left to wait out the timer)
ok - a declared pause is absorbed on first sight, then re-surfaced as a recheck past the threshold, never wedge-escalated
ok - exited declared-pause and captain-held panes use bounded pause cadence while a live decision gate still surfaces once
ok - a current declared wait holds its long cadence across pane churn, declaring appends and watcher restarts
ok - needs-decision, blocked and done still wake immediately through an armed declared-wait cadence
ok - a declared paused secondmate re-surfaces on the bounded normal-mode cadence
ok - a captain-held secondmate re-surfaces on the bounded normal-mode cadence
ok - a non-paused secondmate retains normal stale suppression
ok - a resumed secondmate clears pause and stale tracking before stale exemption
ok - unchanged stale hashes reclassify when a crew enters or leaves pause
ok - a declared pause is periodically rechecked against authoritative active-run state
ok - a paused status overridden by authoritative working preserves its wedge timer and escalates
ok - matching non-terminal stale suppressors repair missing or corrupt stale-since timers
ok - a quiet pane writing its own worktree is deferred, while one writing nothing still wedge-escalates on the unchanged schedule
ok - a write deferral re-surfaces once on the bounded pause cadence, so a churning worktree cannot stay invisible
ok - a secondmate's own home supervision churn is not crew write evidence, so a pane recording that home keeps the unchanged escalation schedule
ok - an idle-window timer repair drops a finished write-deferral chain, so the next deferral gets a fresh re-surface window
ok - both first-sight paths through a captain-relevant status drop a finished write-deferral chain with the idle window
ok - triage log capping handles wc byte counts with leading spaces
ok - a captured process-event result wakes a healthy watcher proactively, with no manual drain
ok - an unacknowledged process-event result re-drains until handling is acknowledged
ok - complete process-event queue keys map to distinct seen markers
WAKE_ACK_REQUIRED: after handling completes run bin/fm-wake-drain.sh --ack-through 1 --recovery-generation 61094.1788314193.DpsYXW
ok - queue revalidation, proactive output, and marker commit serialize with drain
/Users/ivan/.no-mistakes/worktrees/37852af5566c/01M1FVCWGD5MVZJ0RKE1CZ3JPY/bin/fm-push-transition-lib.sh: line 96: echo: write error: Broken pipe
tests/wake-helpers.sh: line 281: 65121 Killed: 9               PATH="$dir/fakebin:$PATH" FM_HOME="$dir" FM_PROCEVENT_CLAIM_ROOT="$dir/claims" FM_CREW_STATE_BIN="$dir/fakebin/fm-crew-state.sh" FM_POLL=0.2 FM_SIGNAL_GRACE=1 FM_CHECK_INTERVAL=999999 FM_HEARTBEAT=999999 "$WATCH" > "$out"
tests/wake-helpers.sh: line 281: 66643 Killed: 9               PATH="$dir/fakebin:$PATH" FM_HOME="$dir" FM_PROCEVENT_CLAIM_ROOT="$dir/claims" FM_CREW_STATE_BIN="$dir/fakebin/fm-crew-state.sh" FM_POLL=0.2 FM_SIGNAL_GRACE=1 FM_CHECK_INTERVAL=999999 FM_HEARTBEAT=999999 "$WATCH" > "$out"
ok - surfacing failures replay until post-handling acknowledgement
ok - marker failure exits through the shared wake owner, releases its lock, and replays later
ok - a heartbeat with no captain-relevant change is absorbed and backs off the cadence
ok - heartbeat backstop fail-safe surfaces a captain-relevant status the per-wake path missed
ok - the liveness beacon stays fresh while the watcher absorbs benign wakes (fm-guard never false-alarms)
ok - with .afk present the watcher reverts to one-shot so the daemon owns triage (no double-triage)
ok - AFK changed paused panes hand off plain stale identities for daemon-owned pause triage
